Path: /api/mlops/status
Auth: 'Bearer eyJhbGciOiJIUzI1NiIsInR5cCI6IkpXVCJ9.eyJzdWIiOiJhZG1pbkBnZXRzb2xhci5pbiIsImV4cCI6MTc3ODMyNzkwNn0.K-WfBEMzc69TFVjYPO3310jjJDg15aMTZkEWT3wkwTQ'
Path: /api/mlops/metrics
Auth: 'Bearer eyJhbGciOiJIUzI1NiIsInR5cCI6IkpXVCJ9.eyJzdWIiOiJhZG1pbkBnZXRzb2xhci5pbiIsImV4cCI6MTc3ODMyNzkwNn0.K-WfBEMzc69TFVjYPO3310jjJDg15aMTZkEWT3wkwTQ'
Path: /api/mlops/health
Auth: 'Bearer eyJhbGciOiJIUzI1NiIsInR5cCI6IkpXVCJ9.eyJzdWIiOiJhZG1pbkBnZXRzb2xhci5pbiIsImV4cCI6MTc3ODMyNzkwNn0.K-WfBEMzc69TFVjYPO3310jjJDg15aMTZkEWT3wkwTQ'
Path: /api/mlops/models
Auth: 'Bearer eyJhbGciOiJIUzI1NiIsInR5cCI6IkpXVCJ9.eyJzdWIiOiJhZG1pbkBnZXRzb2xhci5pbiIsImV4cCI6MTc3ODMyNzkwNn0.K-WfBEMzc69TFVjYPO3310jjJDg15aMTZkEWT3wkwTQ'
Path: /api/mlops/events
Auth: 'Bearer eyJhbGciOiJIUzI1NiIsInR5cCI6IkpXVCJ9.eyJzdWIiOiJhZG1pbkBnZXRzb2xhci5pbiIsImV4cCI6MTc3ODMyNzkwNn0.K-WfBEMzc69TFVjYPO3310jjJDg15aMTZkEWT3wkwTQ'
Path: /api/mlops/status
Auth: 'Bearer eyJhbGciOiJIUzI1NiIsInR5cCI6IkpXVCJ9.eyJzdWIiOiJhZG1pbkBnZXRzb2xhci5pbiIsImV4cCI6MTc3ODMyNzkwNn0.K-WfBEMzc69TFVjYPO3310jjJDg15aMTZkEWT3wkwTQ'
Path: /api/mlops/metrics
Auth: 'Bearer eyJhbGciOiJIUzI1NiIsInR5cCI6IkpXVCJ9.eyJzdWIiOiJhZG1pbkBnZXRzb2xhci5pbiIsImV4cCI6MTc3ODMyNzkwNn0.K-WfBEMzc69TFVjYPO3310jjJDg15aMTZkEWT3wkwTQ'
Path: /api/mlops/health
Auth: 'Bearer eyJhbGciOiJIUzI1NiIsInR5cCI6IkpXVCJ9.eyJzdWIiOiJhZG1pbkBnZXRzb2xhci5pbiIsImV4cCI6MTc3ODMyNzkwNn0.K-WfBEMzc69TFVjYPO3310jjJDg15aMTZkEWT3wkwTQ'
Path: /api/mlops/models
Auth: 'Bearer eyJhbGciOiJIUzI1NiIsInR5cCI6IkpXVCJ9.eyJzdWIiOiJhZG1pbkBnZXRzb2xhci5pbiIsImV4cCI6MTc3ODMyNzkwNn0.K-WfBEMzc69TFVjYPO3310jjJDg15aMTZkEWT3wkwTQ'
Path: /api/mlops/events
Auth: 'Bearer eyJhbGciOiJIUzI1NiIsInR5cCI6IkpXVCJ9.eyJzdWIiOiJhZG1pbkBnZXRzb2xhci5pbiIsImV4cCI6MTc3ODMyNzkwNn0.K-WfBEMzc69TFVjYPO3310jjJDg15aMTZkEWT3wkwTQ'
Path: /api/mlops/status
Auth: 'Bearer eyJhbGciOiJIUzI1NiIsInR5cCI6IkpXVCJ9.eyJzdWIiOiJhZG1pbkBnZXRzb2xhci5pbiIsImV4cCI6MTc3ODMyNzkwNn0.K-WfBEMzc69TFVjYPO3310jjJDg15aMTZkEWT3wkwTQ'
Path: /api/mlops/status
Auth: 'Bearer eyJhbGciOiJIUzI1NiIsInR5cCI6IkpXVCJ9.eyJzdWIiOiJhZG1pbkBnZXRzb2xhci5pbiIsImV4cCI6MTc4Mzg4NTM3NH0.YgQjw-pHg8vzhW0h-ypHGKtixBjTdaafWhHFCS-yC7I'
Path: /api/mlops/metrics
Auth: 'Bearer eyJhbGciOiJIUzI1NiIsInR5cCI6IkpXVCJ9.eyJzdWIiOiJhZG1pbkBnZXRzb2xhci5pbiIsImV4cCI6MTc4Mzg4NTM3NH0.YgQjw-pHg8vzhW0h-ypHGKtixBjTdaafWhHFCS-yC7I'
Path: /api/mlops/health
Auth: 'Bearer eyJhbGciOiJIUzI1NiIsInR5cCI6IkpXVCJ9.eyJzdWIiOiJhZG1pbkBnZXRzb2xhci5pbiIsImV4cCI6MTc4Mzg4NTM3NH0.YgQjw-pHg8vzhW0h-ypHGKtixBjTdaafWhHFCS-yC7I'
Path: /api/mlops/models
Auth: 'Bearer eyJhbGciOiJIUzI1NiIsInR5cCI6IkpXVCJ9.eyJzdWIiOiJhZG1pbkBnZXRzb2xhci5pbiIsImV4cCI6MTc4Mzg4NTM3NH0.YgQjw-pHg8vzhW0h-ypHGKtixBjTdaafWhHFCS-yC7I'
Path: /api/mlops/events
Auth: 'Bearer eyJhbGciOiJIUzI1NiIsInR5cCI6IkpXVCJ9.eyJzdWIiOiJhZG1pbkBnZXRzb2xhci5pbiIsImV4cCI6MTc4Mzg4NTM3NH0.YgQjw-pHg8vzhW0h-ypHGKtixBjTdaafWhHFCS-yC7I'
Path: /api/mlops/status
Auth: 'Bearer eyJhbGciOiJIUzI1NiIsInR5cCI6IkpXVCJ9.eyJzdWIiOiJhZG1pbkBnZXRzb2xhci5pbiIsImV4cCI6MTc4Mzg4NTM3NH0.YgQjw-pHg8vzhW0h-ypHGKtixBjTdaafWhHFCS-yC7I'
Path: /api/mlops/metrics
Auth: 'Bearer eyJhbGciOiJIUzI1NiIsInR5cCI6IkpXVCJ9.eyJzdWIiOiJhZG1pbkBnZXRzb2xhci5pbiIsImV4cCI6MTc4Mzg4NTM3NH0.YgQjw-pHg8vzhW0h-ypHGKtixBjTdaafWhHFCS-yC7I'
Path: /api/mlops/health
Auth: 'Bearer eyJhbGciOiJIUzI1NiIsInR5cCI6IkpXVCJ9.eyJzdWIiOiJhZG1pbkBnZXRzb2xhci5pbiIsImV4cCI6MTc4Mzg4NTM3NH0.YgQjw-pHg8vzhW0h-ypHGKtixBjTdaafWhHFCS-yC7I'
Path: /api/mlops/models
Auth: 'Bearer eyJhbGciOiJIUzI1NiIsInR5cCI6IkpXVCJ9.eyJzdWIiOiJhZG1pbkBnZXRzb2xhci5pbiIsImV4cCI6MTc4Mzg4NTM3NH0.YgQjw-pHg8vzhW0h-ypHGKtixBjTdaafWhHFCS-yC7I'
Path: /api/mlops/events
Auth: 'Bearer eyJhbGciOiJIUzI1NiIsInR5cCI6IkpXVCJ9.eyJzdWIiOiJhZG1pbkBnZXRzb2xhci5pbiIsImV4cCI6MTc4Mzg4NTM3NH0.YgQjw-pHg8vzhW0h-ypHGKtixBjTdaafWhHFCS-yC7I'
Path: /api/mlops/metrics
Auth: 'Bearer eyJhbGciOiJIUzI1NiIsInR5cCI6IkpXVCJ9.eyJzdWIiOiJhZG1pbkBnZXRzb2xhci5pbiIsImV4cCI6MTc4Mzg4NTM3NH0.YgQjw-pHg8vzhW0h-ypHGKtixBjTdaafWhHFCS-yC7I'
Path: /api/mlops/health
Auth: 'Bearer eyJhbGciOiJIUzI1NiIsInR5cCI6IkpXVCJ9.eyJzdWIiOiJhZG1pbkBnZXRzb2xhci5pbiIsImV4cCI6MTc4Mzg4NTM3NH0.YgQjw-pHg8vzhW0h-ypHGKtixBjTdaafWhHFCS-yC7I'
Path: /api/mlops/status
Auth: 'Bearer eyJhbGciOiJIUzI1NiIsInR5cCI6IkpXVCJ9.eyJzdWIiOiJhZG1pbkBnZXRzb2xhci5pbiIsImV4cCI6MTc4Mzg4NTM3NH0.YgQjw-pHg8vzhW0h-ypHGKtixBjTdaafWhHFCS-yC7I'
Path: /api/mlops/metrics
Auth: 'Bearer eyJhbGciOiJIUzI1NiIsInR5cCI6IkpXVCJ9.eyJzdWIiOiJhZG1pbkBnZXRzb2xhci5pbiIsImV4cCI6MTc4Mzg4NTM3NH0.YgQjw-pHg8vzhW0h-ypHGKtixBjTdaafWhHFCS-yC7I'
Path: /api/mlops/health
Auth: 'Bearer eyJhbGciOiJIUzI1NiIsInR5cCI6IkpXVCJ9.eyJzdWIiOiJhZG1pbkBnZXRzb2xhci5pbiIsImV4cCI6MTc4Mzg4NTM3NH0.YgQjw-pHg8vzhW0h-ypHGKtixBjTdaafWhHFCS-yC7I'
Path: /api/mlops/models
Auth: 'Bearer eyJhbGciOiJIUzI1NiIsInR5cCI6IkpXVCJ9.eyJzdWIiOiJhZG1pbkBnZXRzb2xhci5pbiIsImV4cCI6MTc4Mzg4NTM3NH0.YgQjw-pHg8vzhW0h-ypHGKtixBjTdaafWhHFCS-yC7I'
Path: /api/mlops/events
Auth: 'Bearer eyJhbGciOiJIUzI1NiIsInR5cCI6IkpXVCJ9.eyJzdWIiOiJhZG1pbkBnZXRzb2xhci5pbiIsImV4cCI6MTc4Mzg4NTM3NH0.YgQjw-pHg8vzhW0h-ypHGKtixBjTdaafWhHFCS-yC7I'
Path: /api/mlops/status
Auth: 'Bearer eyJhbGciOiJIUzI1NiIsInR5cCI6IkpXVCJ9.eyJzdWIiOiJhZG1pbkBnZXRzb2xhci5pbiIsImV4cCI6MTc4Mzg4NTM3NH0.YgQjw-pHg8vzhW0h-ypHGKtixBjTdaafWhHFCS-yC7I'
Path: /api/mlops/metrics
Auth: 'Bearer eyJhbGciOiJIUzI1NiIsInR5cCI6IkpXVCJ9.eyJzdWIiOiJhZG1pbkBnZXRzb2xhci5pbiIsImV4cCI6MTc4Mzg4NTM3NH0.YgQjw-pHg8vzhW0h-ypHGKtixBjTdaafWhHFCS-yC7I'
Path: /api/mlops/health
Auth: 'Bearer eyJhbGciOiJIUzI1NiIsInR5cCI6IkpXVCJ9.eyJzdWIiOiJhZG1pbkBnZXRzb2xhci5pbiIsImV4cCI6MTc4Mzg4NTM3NH0.YgQjw-pHg8vzhW0h-ypHGKtixBjTdaafWhHFCS-yC7I'
Path: /api/mlops/models
Auth: 'Bearer eyJhbGciOiJIUzI1NiIsInR5cCI6IkpXVCJ9.eyJzdWIiOiJhZG1pbkBnZXRzb2xhci5pbiIsImV4cCI6MTc4Mzg4NTM3NH0.YgQjw-pHg8vzhW0h-ypHGKtixBjTdaafWhHFCS-yC7I'
Path: /api/mlops/events
Auth: 'Bearer eyJhbGciOiJIUzI1NiIsInR5cCI6IkpXVCJ9.eyJzdWIiOiJhZG1pbkBnZXRzb2xhci5pbiIsImV4cCI6MTc4Mzg4NTM3NH0.YgQjw-pHg8vzhW0h-ypHGKtixBjTdaafWhHFCS-yC7I'
Path: /api/mlops/status
Auth: 'Bearer eyJhbGciOiJIUzI1NiIsInR5cCI6IkpXVCJ9.eyJzdWIiOiJhZG1pbkBnZXRzb2xhci5pbiIsImV4cCI6MTc4Mzg4NTM3NH0.YgQjw-pHg8vzhW0h-ypHGKtixBjTdaafWhHFCS-yC7I'
Path: /api/mlops/metrics
Auth: 'Bearer eyJhbGciOiJIUzI1NiIsInR5cCI6IkpXVCJ9.eyJzdWIiOiJhZG1pbkBnZXRzb2xhci5pbiIsImV4cCI6MTc4Mzg4NTM3NH0.YgQjw-pHg8vzhW0h-ypHGKtixBjTdaafWhHFCS-yC7I'
Path: /api/mlops/health
Auth: 'Bearer eyJhbGciOiJIUzI1NiIsInR5cCI6IkpXVCJ9.eyJzdWIiOiJhZG1pbkBnZXRzb2xhci5pbiIsImV4cCI6MTc4Mzg4NTM3NH0.YgQjw-pHg8vzhW0h-ypHGKtixBjTdaafWhHFCS-yC7I'
Path: /api/mlops/models
Auth: 'Bearer eyJhbGciOiJIUzI1NiIsInR5cCI6IkpXVCJ9.eyJzdWIiOiJhZG1pbkBnZXRzb2xhci5pbiIsImV4cCI6MTc4Mzg4NTM3NH0.YgQjw-pHg8vzhW0h-ypHGKtixBjTdaafWhHFCS-yC7I'
Path: /api/mlops/events
Auth: 'Bearer eyJhbGciOiJIUzI1NiIsInR5cCI6IkpXVCJ9.eyJzdWIiOiJhZG1pbkBnZXRzb2xhci5pbiIsImV4cCI6MTc4Mzg4NTM3NH0.YgQjw-pHg8vzhW0h-ypHGKtixBjTdaafWhHFCS-yC7I'
Path: /api/mlops/status
Auth: 'Bearer eyJhbGciOiJIUzI1NiIsInR5cCI6IkpXVCJ9.eyJzdWIiOiJhZG1pbkBnZXRzb2xhci5pbiIsImV4cCI6MTc4Mzg4NTM3NH0.YgQjw-pHg8vzhW0h-ypHGKtixBjTdaafWhHFCS-yC7I'
Path: /api/mlops/metrics
Auth: 'Bearer eyJhbGciOiJIUzI1NiIsInR5cCI6IkpXVCJ9.eyJzdWIiOiJhZG1pbkBnZXRzb2xhci5pbiIsImV4cCI6MTc4Mzg4NTM3NH0.YgQjw-pHg8vzhW0h-ypHGKtixBjTdaafWhHFCS-yC7I'
Path: /api/mlops/health
Auth: 'Bearer eyJhbGciOiJIUzI1NiIsInR5cCI6IkpXVCJ9.eyJzdWIiOiJhZG1pbkBnZXRzb2xhci5pbiIsImV4cCI6MTc4Mzg4NTM3NH0.YgQjw-pHg8vzhW0h-ypHGKtixBjTdaafWhHFCS-yC7I'
Path: /api/mlops/models
Auth: 'Bearer eyJhbGciOiJIUzI1NiIsInR5cCI6IkpXVCJ9.eyJzdWIiOiJhZG1pbkBnZXRzb2xhci5pbiIsImV4cCI6MTc4Mzg4NTM3NH0.YgQjw-pHg8vzhW0h-ypHGKtixBjTdaafWhHFCS-yC7I'
Path: /api/mlops/events
Auth: 'Bearer eyJhbGciOiJIUzI1NiIsInR5cCI6IkpXVCJ9.eyJzdWIiOiJhZG1pbkBnZXRzb2xhci5pbiIsImV4cCI6MTc4Mzg4NTM3NH0.YgQjw-pHg8vzhW0h-ypHGKtixBjTdaafWhHFCS-yC7I'
Path: /api/mlops/status
Auth: 'Bearer eyJhbGciOiJIUzI1NiIsInR5cCI6IkpXVCJ9.eyJzdWIiOiJhZG1pbkBnZXRzb2xhci5pbiIsImV4cCI6MTc4Mzg4NTM3NH0.YgQjw-pHg8vzhW0h-ypHGKtixBjTdaafWhHFCS-yC7I'
Path: /api/mlops/metrics
Auth: 'Bearer eyJhbGciOiJIUzI1NiIsInR5cCI6IkpXVCJ9.eyJzdWIiOiJhZG1pbkBnZXRzb2xhci5pbiIsImV4cCI6MTc4Mzg4NTM3NH0.YgQjw-pHg8vzhW0h-ypHGKtixBjTdaafWhHFCS-yC7I'
Path: /api/mlops/health
Auth: 'Bearer eyJhbGciOiJIUzI1NiIsInR5cCI6IkpXVCJ9.eyJzdWIiOiJhZG1pbkBnZXRzb2xhci5pbiIsImV4cCI6MTc4Mzg4NTM3NH0.YgQjw-pHg8vzhW0h-ypHGKtixBjTdaafWhHFCS-yC7I'
Path: /api/mlops/models
Auth: 'Bearer eyJhbGciOiJIUzI1NiIsInR5cCI6IkpXVCJ9.eyJzdWIiOiJhZG1pbkBnZXRzb2xhci5pbiIsImV4cCI6MTc4Mzg4NTM3NH0.YgQjw-pHg8vzhW0h-ypHGKtixBjTdaafWhHFCS-yC7I'
Path: /api/mlops/events
Auth: 'Bearer eyJhbGciOiJIUzI1NiIsInR5cCI6IkpXVCJ9.eyJzdWIiOiJhZG1pbkBnZXRzb2xhci5pbiIsImV4cCI6MTc4Mzg4NTM3NH0.YgQjw-pHg8vzhW0h-ypHGKtixBjTdaafWhHFCS-yC7I'
Path: /api/mlops/status
Auth: 'Bearer eyJhbGciOiJIUzI1NiIsInR5cCI6IkpXVCJ9.eyJzdWIiOiJhZG1pbkBnZXRzb2xhci5pbiIsImV4cCI6MTc4Mzg4NTM3NH0.YgQjw-pHg8vzhW0h-ypHGKtixBjTdaafWhHFCS-yC7I'
Path: /api/mlops/metrics
Auth: 'Bearer eyJhbGciOiJIUzI1NiIsInR5cCI6IkpXVCJ9.eyJzdWIiOiJhZG1pbkBnZXRzb2xhci5pbiIsImV4cCI6MTc4Mzg4NTM3NH0.YgQjw-pHg8vzhW0h-ypHGKtixBjTdaafWhHFCS-yC7I'
Path: /api/mlops/health
Auth: 'Bearer eyJhbGciOiJIUzI1NiIsInR5cCI6IkpXVCJ9.eyJzdWIiOiJhZG1pbkBnZXRzb2xhci5pbiIsImV4cCI6MTc4Mzg4NTM3NH0.YgQjw-pHg8vzhW0h-ypHGKtixBjTdaafWhHFCS-yC7I'
Path: /api/mlops/models
Auth: 'Bearer eyJhbGciOiJIUzI1NiIsInR5cCI6IkpXVCJ9.eyJzdWIiOiJhZG1pbkBnZXRzb2xhci5pbiIsImV4cCI6MTc4Mzg4NTM3NH0.YgQjw-pHg8vzhW0h-ypHGKtixBjTdaafWhHFCS-yC7I'
Path: /api/mlops/events
Auth: 'Bearer eyJhbGciOiJIUzI1NiIsInR5cCI6IkpXVCJ9.eyJzdWIiOiJhZG1pbkBnZXRzb2xhci5pbiIsImV4cCI6MTc4Mzg4NTM3NH0.YgQjw-pHg8vzhW0h-ypHGKtixBjTdaafWhHFCS-yC7I'
Path: /api/mlops/metrics
Auth: 'Bearer eyJhbGciOiJIUzI1NiIsInR5cCI6IkpXVCJ9.eyJzdWIiOiJhZG1pbkBnZXRzb2xhci5pbiIsImV4cCI6MTc4Mzg4NTM3NH0.YgQjw-pHg8vzhW0h-ypHGKtixBjTdaafWhHFCS-yC7I'
Path: /api/mlops/status
Auth: 'Bearer eyJhbGciOiJIUzI1NiIsInR5cCI6IkpXVCJ9.eyJzdWIiOiJhZG1pbkBnZXRzb2xhci5pbiIsImV4cCI6MTc4Mzg4NTM3NH0.YgQjw-pHg8vzhW0h-ypHGKtixBjTdaafWhHFCS-yC7I'
Path: /api/mlops/metrics
Auth: 'Bearer eyJhbGciOiJIUzI1NiIsInR5cCI6IkpXVCJ9.eyJzdWIiOiJhZG1pbkBnZXRzb2xhci5pbiIsImV4cCI6MTc4Mzg4NTM3NH0.YgQjw-pHg8vzhW0h-ypHGKtixBjTdaafWhHFCS-yC7I'
Path: /api/mlops/health
Auth: 'Bearer eyJhbGciOiJIUzI1NiIsInR5cCI6IkpXVCJ9.eyJzdWIiOiJhZG1pbkBnZXRzb2xhci5pbiIsImV4cCI6MTc4Mzg4NTM3NH0.YgQjw-pHg8vzhW0h-ypHGKtixBjTdaafWhHFCS-yC7I'
Path: /api/mlops/models
Auth: 'Bearer eyJhbGciOiJIUzI1NiIsInR5cCI6IkpXVCJ9.eyJzdWIiOiJhZG1pbkBnZXRzb2xhci5pbiIsImV4cCI6MTc4Mzg4NTM3NH0.YgQjw-pHg8vzhW0h-ypHGKtixBjTdaafWhHFCS-yC7I'
Path: /api/mlops/events
Auth: 'Bearer eyJhbGciOiJIUzI1NiIsInR5cCI6IkpXVCJ9.eyJzdWIiOiJhZG1pbkBnZXRzb2xhci5pbiIsImV4cCI6MTc4Mzg4NTM3NH0.YgQjw-pHg8vzhW0h-ypHGKtixBjTdaafWhHFCS-yC7I'
Path: /api/mlops/status
Auth: 'Bearer eyJhbGciOiJIUzI1NiIsInR5cCI6IkpXVCJ9.eyJzdWIiOiJhZG1pbkBnZXRzb2xhci5pbiIsImV4cCI6MTc4MzUxNzI3OH0.-pNoA_3Hcpfod-ai0QLl80iTo3SMjsD8t24hMqalpQM'
Path: /api/mlops/metrics
Auth: 'Bearer eyJhbGciOiJIUzI1NiIsInR5cCI6IkpXVCJ9.eyJzdWIiOiJhZG1pbkBnZXRzb2xhci5pbiIsImV4cCI6MTc4MzUxNzI3OH0.-pNoA_3Hcpfod-ai0QLl80iTo3SMjsD8t24hMqalpQM'
Path: /api/mlops/health
Auth: 'Bearer eyJhbGciOiJIUzI1NiIsInR5cCI6IkpXVCJ9.eyJzdWIiOiJhZG1pbkBnZXRzb2xhci5pbiIsImV4cCI6MTc4MzUxNzI3OH0.-pNoA_3Hcpfod-ai0QLl80iTo3SMjsD8t24hMqalpQM'
Path: /api/mlops/models
Auth: 'Bearer eyJhbGciOiJIUzI1NiIsInR5cCI6IkpXVCJ9.eyJzdWIiOiJhZG1pbkBnZXRzb2xhci5pbiIsImV4cCI6MTc4MzUxNzI3OH0.-pNoA_3Hcpfod-ai0QLl80iTo3SMjsD8t24hMqalpQM'
Path: /api/mlops/events
Auth: 'Bearer eyJhbGciOiJIUzI1NiIsInR5cCI6IkpXVCJ9.eyJzdWIiOiJhZG1pbkBnZXRzb2xhci5pbiIsImV4cCI6MTc4MzUxNzI3OH0.-pNoA_3Hcpfod-ai0QLl80iTo3SMjsD8t24hMqalpQM'
Path: /api/mlops/status
Auth: 'Bearer eyJhbGciOiJIUzI1NiIsInR5cCI6IkpXVCJ9.eyJzdWIiOiJhZG1pbkBnZXRzb2xhci5pbiIsImV4cCI6MTc4MzUxNzI3OH0.-pNoA_3Hcpfod-ai0QLl80iTo3SMjsD8t24hMqalpQM'
Path: /api/mlops/metrics
Auth: 'Bearer eyJhbGciOiJIUzI1NiIsInR5cCI6IkpXVCJ9.eyJzdWIiOiJhZG1pbkBnZXRzb2xhci5pbiIsImV4cCI6MTc4MzUxNzI3OH0.-pNoA_3Hcpfod-ai0QLl80iTo3SMjsD8t24hMqalpQM'
Path: /api/mlops/health
Auth: 'Bearer eyJhbGciOiJIUzI1NiIsInR5cCI6IkpXVCJ9.eyJzdWIiOiJhZG1pbkBnZXRzb2xhci5pbiIsImV4cCI6MTc4MzUxNzI3OH0.-pNoA_3Hcpfod-ai0QLl80iTo3SMjsD8t24hMqalpQM'
Path: /api/mlops/models
Auth: 'Bearer eyJhbGciOiJIUzI1NiIsInR5cCI6IkpXVCJ9.eyJzdWIiOiJhZG1pbkBnZXRzb2xhci5pbiIsImV4cCI6MTc4MzUxNzI3OH0.-pNoA_3Hcpfod-ai0QLl80iTo3SMjsD8t24hMqalpQM'
Path: /api/mlops/events
Auth: 'Bearer eyJhbGciOiJIUzI1NiIsInR5cCI6IkpXVCJ9.eyJzdWIiOiJhZG1pbkBnZXRzb2xhci5pbiIsImV4cCI6MTc4MzUxNzI3OH0.-pNoA_3Hcpfod-ai0QLl80iTo3SMjsD8t24hMqalpQM'
Path: /api/mlops/status
Auth: 'Bearer eyJhbGciOiJIUzI1NiIsInR5cCI6IkpXVCJ9.eyJzdWIiOiJhZG1pbkBnZXRzb2xhci5pbiIsImV4cCI6MTc4Mzg4NTM3NH0.YgQjw-pHg8vzhW0h-ypHGKtixBjTdaafWhHFCS-yC7I'
Path: /api/mlops/metrics
Auth: 'Bearer eyJhbGciOiJIUzI1NiIsInR5cCI6IkpXVCJ9.eyJzdWIiOiJhZG1pbkBnZXRzb2xhci5pbiIsImV4cCI6MTc4Mzg4NTM3NH0.YgQjw-pHg8vzhW0h-ypHGKtixBjTdaafWhHFCS-yC7I'
Path: /api/mlops/health
Auth: 'Bearer eyJhbGciOiJIUzI1NiIsInR5cCI6IkpXVCJ9.eyJzdWIiOiJhZG1pbkBnZXRzb2xhci5pbiIsImV4cCI6MTc4Mzg4NTM3NH0.YgQjw-pHg8vzhW0h-ypHGKtixBjTdaafWhHFCS-yC7I'
Path: /api/mlops/models
Auth: 'Bearer eyJhbGciOiJIUzI1NiIsInR5cCI6IkpXVCJ9.eyJzdWIiOiJhZG1pbkBnZXRzb2xhci5pbiIsImV4cCI6MTc4Mzg4NTM3NH0.YgQjw-pHg8vzhW0h-ypHGKtixBjTdaafWhHFCS-yC7I'
Path: /api/mlops/events
Auth: 'Bearer eyJhbGciOiJIUzI1NiIsInR5cCI6IkpXVCJ9.eyJzdWIiOiJhZG1pbkBnZXRzb2xhci5pbiIsImV4cCI6MTc4Mzg4NTM3NH0.YgQjw-pHg8vzhW0h-ypHGKtixBjTdaafWhHFCS-yC7I'
Path: /api/mlops/status
Auth: 'Bearer eyJhbGciOiJIUzI1NiIsInR5cCI6IkpXVCJ9.eyJzdWIiOiJhZG1pbkBnZXRzb2xhci5pbiIsImV4cCI6MTc4Mzg4NTM3NH0.YgQjw-pHg8vzhW0h-ypHGKtixBjTdaafWhHFCS-yC7I'
Path: /api/mlops/metrics
Auth: 'Bearer eyJhbGciOiJIUzI1NiIsInR5cCI6IkpXVCJ9.eyJzdWIiOiJhZG1pbkBnZXRzb2xhci5pbiIsImV4cCI6MTc4Mzg4NTM3NH0.YgQjw-pHg8vzhW0h-ypHGKtixBjTdaafWhHFCS-yC7I'
Path: /api/mlops/health
Auth: 'Bearer eyJhbGciOiJIUzI1NiIsInR5cCI6IkpXVCJ9.eyJzdWIiOiJhZG1pbkBnZXRzb2xhci5pbiIsImV4cCI6MTc4Mzg4NTM3NH0.YgQjw-pHg8vzhW0h-ypHGKtixBjTdaafWhHFCS-yC7I'
Path: /api/mlops/models
Auth: 'Bearer eyJhbGciOiJIUzI1NiIsInR5cCI6IkpXVCJ9.eyJzdWIiOiJhZG1pbkBnZXRzb2xhci5pbiIsImV4cCI6MTc4Mzg4NTM3NH0.YgQjw-pHg8vzhW0h-ypHGKtixBjTdaafWhHFCS-yC7I'
Path: /api/mlops/events
Auth: 'Bearer eyJhbGciOiJIUzI1NiIsInR5cCI6IkpXVCJ9.eyJzdWIiOiJhZG1pbkBnZXRzb2xhci5pbiIsImV4cCI6MTc4Mzg4NTM3NH0.YgQjw-pHg8vzhW0h-ypHGKtixBjTdaafWhHFCS-yC7I'
Path: /api/mlops/status
Auth: 'Bearer eyJhbGciOiJIUzI1NiIsInR5cCI6IkpXVCJ9.eyJzdWIiOiJhZG1pbkBnZXRzb2xhci5pbiIsImV4cCI6MTc4MzUxNzI3OH0.-pNoA_3Hcpfod-ai0QLl80iTo3SMjsD8t24hMqalpQM'
Path: /api/mlops/metrics
Auth: 'Bearer eyJhbGciOiJIUzI1NiIsInR5cCI6IkpXVCJ9.eyJzdWIiOiJhZG1pbkBnZXRzb2xhci5pbiIsImV4cCI6MTc4MzUxNzI3OH0.-pNoA_3Hcpfod-ai0QLl80iTo3SMjsD8t24hMqalpQM'
Path: /api/mlops/health
Auth: 'Bearer eyJhbGciOiJIUzI1NiIsInR5cCI6IkpXVCJ9.eyJzdWIiOiJhZG1pbkBnZXRzb2xhci5pbiIsImV4cCI6MTc4MzUxNzI3OH0.-pNoA_3Hcpfod-ai0QLl80iTo3SMjsD8t24hMqalpQM'
Path: /api/mlops/models
Auth: 'Bearer eyJhbGciOiJIUzI1NiIsInR5cCI6IkpXVCJ9.eyJzdWIiOiJhZG1pbkBnZXRzb2xhci5pbiIsImV4cCI6MTc4MzUxNzI3OH0.-pNoA_3Hcpfod-ai0QLl80iTo3SMjsD8t24hMqalpQM'
Path: /api/mlops/events
Auth: 'Bearer eyJhbGciOiJIUzI1NiIsInR5cCI6IkpXVCJ9.eyJzdWIiOiJhZG1pbkBnZXRzb2xhci5pbiIsImV4cCI6MTc4MzUxNzI3OH0.-pNoA_3Hcpfod-ai0QLl80iTo3SMjsD8t24hMqalpQM'
Path: /api/mlops/status
Auth: 'Bearer eyJhbGciOiJIUzI1NiIsInR5cCI6IkpXVCJ9.eyJzdWIiOiJhZG1pbkBnZXRzb2xhci5pbiIsImV4cCI6MTc4MzUxNzI3OH0.-pNoA_3Hcpfod-ai0QLl80iTo3SMjsD8t24hMqalpQM'
Path: /api/mlops/metrics
Auth: 'Bearer eyJhbGciOiJIUzI1NiIsInR5cCI6IkpXVCJ9.eyJzdWIiOiJhZG1pbkBnZXRzb2xhci5pbiIsImV4cCI6MTc4MzUxNzI3OH0.-pNoA_3Hcpfod-ai0QLl80iTo3SMjsD8t24hMqalpQM'
Path: /api/mlops/health
Auth: 'Bearer eyJhbGciOiJIUzI1NiIsInR5cCI6IkpXVCJ9.eyJzdWIiOiJhZG1pbkBnZXRzb2xhci5pbiIsImV4cCI6MTc4MzUxNzI3OH0.-pNoA_3Hcpfod-ai0QLl80iTo3SMjsD8t24hMqalpQM'
Path: /api/mlops/models
Auth: 'Bearer eyJhbGciOiJIUzI1NiIsInR5cCI6IkpXVCJ9.eyJzdWIiOiJhZG1pbkBnZXRzb2xhci5pbiIsImV4cCI6MTc4MzUxNzI3OH0.-pNoA_3Hcpfod-ai0QLl80iTo3SMjsD8t24hMqalpQM'
Path: /api/mlops/events
Auth: 'Bearer eyJhbGciOiJIUzI1NiIsInR5cCI6IkpXVCJ9.eyJzdWIiOiJhZG1pbkBnZXRzb2xhci5pbiIsImV4cCI6MTc4MzUxNzI3OH0.-pNoA_3Hcpfod-ai0QLl80iTo3SMjsD8t24hMqalpQM'
Path: /api/mlops/status
Auth: 'Bearer eyJhbGciOiJIUzI1NiIsInR5cCI6IkpXVCJ9.eyJzdWIiOiJhZG1pbkBnZXRzb2xhci5pbiIsImV4cCI6MTc4Mzg4NTM3NH0.YgQjw-pHg8vzhW0h-ypHGKtixBjTdaafWhHFCS-yC7I'
Path: /api/mlops/metrics
Auth: 'Bearer eyJhbGciOiJIUzI1NiIsInR5cCI6IkpXVCJ9.eyJzdWIiOiJhZG1pbkBnZXRzb2xhci5pbiIsImV4cCI6MTc4Mzg4NTM3NH0.YgQjw-pHg8vzhW0h-ypHGKtixBjTdaafWhHFCS-yC7I'
Path: /api/mlops/health
Auth: 'Bearer eyJhbGciOiJIUzI1NiIsInR5cCI6IkpXVCJ9.eyJzdWIiOiJhZG1pbkBnZXRzb2xhci5pbiIsImV4cCI6MTc4Mzg4NTM3NH0.YgQjw-pHg8vzhW0h-ypHGKtixBjTdaafWhHFCS-yC7I'
Path: /api/mlops/models
Auth: 'Bearer eyJhbGciOiJIUzI1NiIsInR5cCI6IkpXVCJ9.eyJzdWIiOiJhZG1pbkBnZXRzb2xhci5pbiIsImV4cCI6MTc4Mzg4NTM3NH0.YgQjw-pHg8vzhW0h-ypHGKtixBjTdaafWhHFCS-yC7I'
Path: /api/mlops/events
Auth: 'Bearer eyJhbGciOiJIUzI1NiIsInR5cCI6IkpXVCJ9.eyJzdWIiOiJhZG1pbkBnZXRzb2xhci5pbiIsImV4cCI6MTc4Mzg4NTM3NH0.YgQjw-pHg8vzhW0h-ypHGKtixBjTdaafWhHFCS-yC7I'
Path: /api/mlops/status
Auth: 'Bearer eyJhbGciOiJIUzI1NiIsInR5cCI6IkpXVCJ9.eyJzdWIiOiJhZG1pbkBnZXRzb2xhci5pbiIsImV4cCI6MTc4Mzg4NTM3NH0.YgQjw-pHg8vzhW0h-ypHGKtixBjTdaafWhHFCS-yC7I'
Path: /api/mlops/metrics
Auth: 'Bearer eyJhbGciOiJIUzI1NiIsInR5cCI6IkpXVCJ9.eyJzdWIiOiJhZG1pbkBnZXRzb2xhci5pbiIsImV4cCI6MTc4Mzg4NTM3NH0.YgQjw-pHg8vzhW0h-ypHGKtixBjTdaafWhHFCS-yC7I'
Path: /api/mlops/health
Auth: 'Bearer eyJhbGciOiJIUzI1NiIsInR5cCI6IkpXVCJ9.eyJzdWIiOiJhZG1pbkBnZXRzb2xhci5pbiIsImV4cCI6MTc4Mzg4NTM3NH0.YgQjw-pHg8vzhW0h-ypHGKtixBjTdaafWhHFCS-yC7I'
Path: /api/mlops/models
Auth: 'Bearer eyJhbGciOiJIUzI1NiIsInR5cCI6IkpXVCJ9.eyJzdWIiOiJhZG1pbkBnZXRzb2xhci5pbiIsImV4cCI6MTc4Mzg4NTM3NH0.YgQjw-pHg8vzhW0h-ypHGKtixBjTdaafWhHFCS-yC7I'
Path: /api/mlops/events
Auth: 'Bearer eyJhbGciOiJIUzI1NiIsInR5cCI6IkpXVCJ9.eyJzdWIiOiJhZG1pbkBnZXRzb2xhci5pbiIsImV4cCI6MTc4Mzg4NTM3NH0.YgQjw-pHg8vzhW0h-ypHGKtixBjTdaafWhHFCS-yC7I'
Path: /api/mlops/status
Auth: 'Bearer eyJhbGciOiJIUzI1NiIsInR5cCI6IkpXVCJ9.eyJzdWIiOiJhZG1pbkBnZXRzb2xhci5pbiIsImV4cCI6MTc4Mzg4NTM3NH0.YgQjw-pHg8vzhW0h-ypHGKtixBjTdaafWhHFCS-yC7I'
Path: /api/mlops/metrics
Auth: 'Bearer eyJhbGciOiJIUzI1NiIsInR5cCI6IkpXVCJ9.eyJzdWIiOiJhZG1pbkBnZXRzb2xhci5pbiIsImV4cCI6MTc4Mzg4NTM3NH0.YgQjw-pHg8vzhW0h-ypHGKtixBjTdaafWhHFCS-yC7I'
Path: /api/mlops/health
Auth: 'Bearer eyJhbGciOiJIUzI1NiIsInR5cCI6IkpXVCJ9.eyJzdWIiOiJhZG1pbkBnZXRzb2xhci5pbiIsImV4cCI6MTc4Mzg4NTM3NH0.YgQjw-pHg8vzhW0h-ypHGKtixBjTdaafWhHFCS-yC7I'
Path: /api/mlops/models
Auth: 'Bearer eyJhbGciOiJIUzI1NiIsInR5cCI6IkpXVCJ9.eyJzdWIiOiJhZG1pbkBnZXRzb2xhci5pbiIsImV4cCI6MTc4Mzg4NTM3NH0.YgQjw-pHg8vzhW0h-ypHGKtixBjTdaafWhHFCS-yC7I'
Path: /api/mlops/events
Auth: 'Bearer eyJhbGciOiJIUzI1NiIsInR5cCI6IkpXVCJ9.eyJzdWIiOiJhZG1pbkBnZXRzb2xhci5pbiIsImV4cCI6MTc4Mzg4NTM3NH0.YgQjw-pHg8vzhW0h-ypHGKtixBjTdaafWhHFCS-yC7I'
Path: /api/mlops/status
Auth: 'Bearer eyJhbGciOiJIUzI1NiIsInR5cCI6IkpXVCJ9.eyJzdWIiOiJhZG1pbkBnZXRzb2xhci5pbiIsImV4cCI6MTc4MzUxNzI3OH0.-pNoA_3Hcpfod-ai0QLl80iTo3SMjsD8t24hMqalpQM'
Path: /api/mlops/metrics
Auth: 'Bearer eyJhbGciOiJIUzI1NiIsInR5cCI6IkpXVCJ9.eyJzdWIiOiJhZG1pbkBnZXRzb2xhci5pbiIsImV4cCI6MTc4MzUxNzI3OH0.-pNoA_3Hcpfod-ai0QLl80iTo3SMjsD8t24hMqalpQM'
Path: /api/mlops/health
Auth: 'Bearer eyJhbGciOiJIUzI1NiIsInR5cCI6IkpXVCJ9.eyJzdWIiOiJhZG1pbkBnZXRzb2xhci5pbiIsImV4cCI6MTc4MzUxNzI3OH0.-pNoA_3Hcpfod-ai0QLl80iTo3SMjsD8t24hMqalpQM'
Path: /api/mlops/models
Auth: 'Bearer eyJhbGciOiJIUzI1NiIsInR5cCI6IkpXVCJ9.eyJzdWIiOiJhZG1pbkBnZXRzb2xhci5pbiIsImV4cCI6MTc4MzUxNzI3OH0.-pNoA_3Hcpfod-ai0QLl80iTo3SMjsD8t24hMqalpQM'
Path: /api/mlops/events
Auth: 'Bearer eyJhbGciOiJIUzI1NiIsInR5cCI6IkpXVCJ9.eyJzdWIiOiJhZG1pbkBnZXRzb2xhci5pbiIsImV4cCI6MTc4MzUxNzI3OH0.-pNoA_3Hcpfod-ai0QLl80iTo3SMjsD8t24hMqalpQM'
Path: /api/mlops/status
Auth: 'Bearer eyJhbGciOiJIUzI1NiIsInR5cCI6IkpXVCJ9.eyJzdWIiOiJhZG1pbkBnZXRzb2xhci5pbiIsImV4cCI6MTc4MzUxNzI3OH0.-pNoA_3Hcpfod-ai0QLl80iTo3SMjsD8t24hMqalpQM'
Path: /api/mlops/metrics
Auth: 'Bearer eyJhbGciOiJIUzI1NiIsInR5cCI6IkpXVCJ9.eyJzdWIiOiJhZG1pbkBnZXRzb2xhci5pbiIsImV4cCI6MTc4MzUxNzI3OH0.-pNoA_3Hcpfod-ai0QLl80iTo3SMjsD8t24hMqalpQM'
Path: /api/mlops/health
Auth: 'Bearer eyJhbGciOiJIUzI1NiIsInR5cCI6IkpXVCJ9.eyJzdWIiOiJhZG1pbkBnZXRzb2xhci5pbiIsImV4cCI6MTc4MzUxNzI3OH0.-pNoA_3Hcpfod-ai0QLl80iTo3SMjsD8t24hMqalpQM'
Path: /api/mlops/models
Auth: 'Bearer eyJhbGciOiJIUzI1NiIsInR5cCI6IkpXVCJ9.eyJzdWIiOiJhZG1pbkBnZXRzb2xhci5pbiIsImV4cCI6MTc4MzUxNzI3OH0.-pNoA_3Hcpfod-ai0QLl80iTo3SMjsD8t24hMqalpQM'
Path: /api/mlops/events
Auth: 'Bearer eyJhbGciOiJIUzI1NiIsInR5cCI6IkpXVCJ9.eyJzdWIiOiJhZG1pbkBnZXRzb2xhci5pbiIsImV4cCI6MTc4MzUxNzI3OH0.-pNoA_3Hcpfod-ai0QLl80iTo3SMjsD8t24hMqalpQM'
Path: /api/mlops/status
Auth: 'Bearer eyJhbGciOiJIUzI1NiIsInR5cCI6IkpXVCJ9.eyJzdWIiOiJhZG1pbkBnZXRzb2xhci5pbiIsImV4cCI6MTc4MzkzNzI2N30.mRf3-jmT9srOUH3E1O4rtrNMRD5d4uBO0C2s9c5-nUU'
Path: /api/mlops/metrics
Auth: 'Bearer eyJhbGciOiJIUzI1NiIsInR5cCI6IkpXVCJ9.eyJzdWIiOiJhZG1pbkBnZXRzb2xhci5pbiIsImV4cCI6MTc4MzkzNzI2N30.mRf3-jmT9srOUH3E1O4rtrNMRD5d4uBO0C2s9c5-nUU'
Path: /api/mlops/health
Auth: 'Bearer eyJhbGciOiJIUzI1NiIsInR5cCI6IkpXVCJ9.eyJzdWIiOiJhZG1pbkBnZXRzb2xhci5pbiIsImV4cCI6MTc4MzkzNzI2N30.mRf3-jmT9srOUH3E1O4rtrNMRD5d4uBO0C2s9c5-nUU'
Path: /api/mlops/models
Auth: 'Bearer eyJhbGciOiJIUzI1NiIsInR5cCI6IkpXVCJ9.eyJzdWIiOiJhZG1pbkBnZXRzb2xhci5pbiIsImV4cCI6MTc4MzkzNzI2N30.mRf3-jmT9srOUH3E1O4rtrNMRD5d4uBO0C2s9c5-nUU'
Path: /api/mlops/events
Auth: 'Bearer eyJhbGciOiJIUzI1NiIsInR5cCI6IkpXVCJ9.eyJzdWIiOiJhZG1pbkBnZXRzb2xhci5pbiIsImV4cCI6MTc4MzkzNzI2N30.mRf3-jmT9srOUH3E1O4rtrNMRD5d4uBO0C2s9c5-nUU'
Path: /api/mlops/metrics
Auth: 'Bearer eyJhbGciOiJIUzI1NiIsInR5cCI6IkpXVCJ9.eyJzdWIiOiJhZG1pbkBnZXRzb2xhci5pbiIsImV4cCI6MTc4MzUxNzI3OH0.-pNoA_3Hcpfod-ai0QLl80iTo3SMjsD8t24hMqalpQM'
Path: /api/mlops/status
Auth: 'Bearer eyJhbGciOiJIUzI1NiIsInR5cCI6IkpXVCJ9.eyJzdWIiOiJhZG1pbkBnZXRzb2xhci5pbiIsImV4cCI6MTc4MjMyMDM3Nn0.di8F2F5QlNyY6HG2-rvc44vv-JNd6quy3LISxIu9xxs'
Path: /api/mlops/metrics
Auth: 'Bearer eyJhbGciOiJIUzI1NiIsInR5cCI6IkpXVCJ9.eyJzdWIiOiJhZG1pbkBnZXRzb2xhci5pbiIsImV4cCI6MTc4MjMyMDM3Nn0.di8F2F5QlNyY6HG2-rvc44vv-JNd6quy3LISxIu9xxs'
Path: /api/mlops/health
Auth: 'Bearer eyJhbGciOiJIUzI1NiIsInR5cCI6IkpXVCJ9.eyJzdWIiOiJhZG1pbkBnZXRzb2xhci5pbiIsImV4cCI6MTc4MjMyMDM3Nn0.di8F2F5QlNyY6HG2-rvc44vv-JNd6quy3LISxIu9xxs'
Path: /api/mlops/models
Auth: 'Bearer eyJhbGciOiJIUzI1NiIsInR5cCI6IkpXVCJ9.eyJzdWIiOiJhZG1pbkBnZXRzb2xhci5pbiIsImV4cCI6MTc4MjMyMDM3Nn0.di8F2F5QlNyY6HG2-rvc44vv-JNd6quy3LISxIu9xxs'
Path: /api/mlops/events
Auth: 'Bearer eyJhbGciOiJIUzI1NiIsInR5cCI6IkpXVCJ9.eyJzdWIiOiJhZG1pbkBnZXRzb2xhci5pbiIsImV4cCI6MTc4MjMyMDM3Nn0.di8F2F5QlNyY6HG2-rvc44vv-JNd6quy3LISxIu9xxs'
Path: /api/mlops/status
Auth: 'Bearer eyJhbGciOiJIUzI1NiIsInR5cCI6IkpXVCJ9.eyJzdWIiOiJhZG1pbkBnZXRzb2xhci5pbiIsImV4cCI6MTc4MjMyMDM3Nn0.di8F2F5QlNyY6HG2-rvc44vv-JNd6quy3LISxIu9xxs'
Path: /api/mlops/metrics
Auth: 'Bearer eyJhbGciOiJIUzI1NiIsInR5cCI6IkpXVCJ9.eyJzdWIiOiJhZG1pbkBnZXRzb2xhci5pbiIsImV4cCI6MTc4MjMyMDM3Nn0.di8F2F5QlNyY6HG2-rvc44vv-JNd6quy3LISxIu9xxs'
Path: /api/mlops/health
Auth: 'Bearer eyJhbGciOiJIUzI1NiIsInR5cCI6IkpXVCJ9.eyJzdWIiOiJhZG1pbkBnZXRzb2xhci5pbiIsImV4cCI6MTc4MjMyMDM3Nn0.di8F2F5QlNyY6HG2-rvc44vv-JNd6quy3LISxIu9xxs'
Path: /api/mlops/models
Auth: 'Bearer eyJhbGciOiJIUzI1NiIsInR5cCI6IkpXVCJ9.eyJzdWIiOiJhZG1pbkBnZXRzb2xhci5pbiIsImV4cCI6MTc4MjMyMDM3Nn0.di8F2F5QlNyY6HG2-rvc44vv-JNd6quy3LISxIu9xxs'
Path: /api/mlops/events
Auth: 'Bearer eyJhbGciOiJIUzI1NiIsInR5cCI6IkpXVCJ9.eyJzdWIiOiJhZG1pbkBnZXRzb2xhci5pbiIsImV4cCI6MTc4MjMyMDM3Nn0.di8F2F5QlNyY6HG2-rvc44vv-JNd6quy3LISxIu9xxs'
Path: /api/mlops/status
Auth: 'Bearer eyJhbGciOiJIUzI1NiIsInR5cCI6IkpXVCJ9.eyJzdWIiOiJhZG1pbkBnZXRzb2xhci5pbiIsImV4cCI6MTc4MjMyMDM3Nn0.di8F2F5QlNyY6HG2-rvc44vv-JNd6quy3LISxIu9xxs'
Path: /api/mlops/metrics
Auth: 'Bearer eyJhbGciOiJIUzI1NiIsInR5cCI6IkpXVCJ9.eyJzdWIiOiJhZG1pbkBnZXRzb2xhci5pbiIsImV4cCI6MTc4MjMyMDM3Nn0.di8F2F5QlNyY6HG2-rvc44vv-JNd6quy3LISxIu9xxs'
Path: /api/mlops/health
Auth: 'Bearer eyJhbGciOiJIUzI1NiIsInR5cCI6IkpXVCJ9.eyJzdWIiOiJhZG1pbkBnZXRzb2xhci5pbiIsImV4cCI6MTc4MjMyMDM3Nn0.di8F2F5QlNyY6HG2-rvc44vv-JNd6quy3LISxIu9xxs'
Path: /api/mlops/models
Auth: 'Bearer eyJhbGciOiJIUzI1NiIsInR5cCI6IkpXVCJ9.eyJzdWIiOiJhZG1pbkBnZXRzb2xhci5pbiIsImV4cCI6MTc4MjMyMDM3Nn0.di8F2F5QlNyY6HG2-rvc44vv-JNd6quy3LISxIu9xxs'
Path: /api/mlops/events
Auth: 'Bearer eyJhbGciOiJIUzI1NiIsInR5cCI6IkpXVCJ9.eyJzdWIiOiJhZG1pbkBnZXRzb2xhci5pbiIsImV4cCI6MTc4MjMyMDM3Nn0.di8F2F5QlNyY6HG2-rvc44vv-JNd6quy3LISxIu9xxs'
Path: /api/mlops/status
Auth: 'Bearer eyJhbGciOiJIUzI1NiIsInR5cCI6IkpXVCJ9.eyJzdWIiOiJhZG1pbkBnZXRzb2xhci5pbiIsImV4cCI6MTc4MjMyMDM3Nn0.di8F2F5QlNyY6HG2-rvc44vv-JNd6quy3LISxIu9xxs'
Path: /api/mlops/status
Auth: 'Bearer eyJhbGciOiJIUzI1NiIsInR5cCI6IkpXVCJ9.eyJzdWIiOiJhZG1pbkBnZXRzb2xhci5pbiIsImV4cCI6MTc4Mzk0MjA4Mn0.1_N1GBh-Xz7PAGZSL38eGD-XIer9DUKwEzlzFZ_vfYQ'
Path: /api/mlops/metrics
Auth: 'Bearer eyJhbGciOiJIUzI1NiIsInR5cCI6IkpXVCJ9.eyJzdWIiOiJhZG1pbkBnZXRzb2xhci5pbiIsImV4cCI6MTc4Mzk0MjA4Mn0.1_N1GBh-Xz7PAGZSL38eGD-XIer9DUKwEzlzFZ_vfYQ'
Path: /api/mlops/health
Auth: 'Bearer eyJhbGciOiJIUzI1NiIsInR5cCI6IkpXVCJ9.eyJzdWIiOiJhZG1pbkBnZXRzb2xhci5pbiIsImV4cCI6MTc4Mzk0MjA4Mn0.1_N1GBh-Xz7PAGZSL38eGD-XIer9DUKwEzlzFZ_vfYQ'
Path: /api/mlops/models
Auth: 'Bearer eyJhbGciOiJIUzI1NiIsInR5cCI6IkpXVCJ9.eyJzdWIiOiJhZG1pbkBnZXRzb2xhci5pbiIsImV4cCI6MTc4Mzk0MjA4Mn0.1_N1GBh-Xz7PAGZSL38eGD-XIer9DUKwEzlzFZ_vfYQ'
Path: /api/mlops/events
Auth: 'Bearer eyJhbGciOiJIUzI1NiIsInR5cCI6IkpXVCJ9.eyJzdWIiOiJhZG1pbkBnZXRzb2xhci5pbiIsImV4cCI6MTc4Mzk0MjA4Mn0.1_N1GBh-Xz7PAGZSL38eGD-XIer9DUKwEzlzFZ_vfYQ'
Path: /api/mlops/status
Auth: 'Bearer eyJhbGciOiJIUzI1NiIsInR5cCI6IkpXVCJ9.eyJzdWIiOiJhZG1pbkBnZXRzb2xhci5pbiIsImV4cCI6MTc4MzkzNzI2N30.mRf3-jmT9srOUH3E1O4rtrNMRD5d4uBO0C2s9c5-nUU'
Path: /api/mlops/metrics
Auth: 'Bearer eyJhbGciOiJIUzI1NiIsInR5cCI6IkpXVCJ9.eyJzdWIiOiJhZG1pbkBnZXRzb2xhci5pbiIsImV4cCI6MTc4MzkzNzI2N30.mRf3-jmT9srOUH3E1O4rtrNMRD5d4uBO0C2s9c5-nUU'
Path: /api/mlops/health
Auth: 'Bearer eyJhbGciOiJIUzI1NiIsInR5cCI6IkpXVCJ9.eyJzdWIiOiJhZG1pbkBnZXRzb2xhci5pbiIsImV4cCI6MTc4MzkzNzI2N30.mRf3-jmT9srOUH3E1O4rtrNMRD5d4uBO0C2s9c5-nUU'
Path: /api/mlops/models
Auth: 'Bearer eyJhbGciOiJIUzI1NiIsInR5cCI6IkpXVCJ9.eyJzdWIiOiJhZG1pbkBnZXRzb2xhci5pbiIsImV4cCI6MTc4MzkzNzI2N30.mRf3-jmT9srOUH3E1O4rtrNMRD5d4uBO0C2s9c5-nUU'
Path: /api/mlops/events
Auth: 'Bearer eyJhbGciOiJIUzI1NiIsInR5cCI6IkpXVCJ9.eyJzdWIiOiJhZG1pbkBnZXRzb2xhci5pbiIsImV4cCI6MTc4MzkzNzI2N30.mRf3-jmT9srOUH3E1O4rtrNMRD5d4uBO0C2s9c5-nUU'
Path: /api/mlops/status
Auth: 'Bearer eyJhbGciOiJIUzI1NiIsInR5cCI6IkpXVCJ9.eyJzdWIiOiJhZG1pbkBnZXRzb2xhci5pbiIsImV4cCI6MTc4MzkzNzI2N30.mRf3-jmT9srOUH3E1O4rtrNMRD5d4uBO0C2s9c5-nUU'
Path: /api/mlops/metrics
Auth: 'Bearer eyJhbGciOiJIUzI1NiIsInR5cCI6IkpXVCJ9.eyJzdWIiOiJhZG1pbkBnZXRzb2xhci5pbiIsImV4cCI6MTc4MzkzNzI2N30.mRf3-jmT9srOUH3E1O4rtrNMRD5d4uBO0C2s9c5-nUU'
Path: /api/mlops/health
Auth: 'Bearer eyJhbGciOiJIUzI1NiIsInR5cCI6IkpXVCJ9.eyJzdWIiOiJhZG1pbkBnZXRzb2xhci5pbiIsImV4cCI6MTc4MzkzNzI2N30.mRf3-jmT9srOUH3E1O4rtrNMRD5d4uBO0C2s9c5-nUU'
Path: /api/mlops/models
Auth: 'Bearer eyJhbGciOiJIUzI1NiIsInR5cCI6IkpXVCJ9.eyJzdWIiOiJhZG1pbkBnZXRzb2xhci5pbiIsImV4cCI6MTc4MzkzNzI2N30.mRf3-jmT9srOUH3E1O4rtrNMRD5d4uBO0C2s9c5-nUU'
Path: /api/mlops/events
Auth: 'Bearer eyJhbGciOiJIUzI1NiIsInR5cCI6IkpXVCJ9.eyJzdWIiOiJhZG1pbkBnZXRzb2xhci5pbiIsImV4cCI6MTc4MzkzNzI2N30.mRf3-jmT9srOUH3E1O4rtrNMRD5d4uBO0C2s9c5-nUU'
